exports[`routes/home/container.js should render 1`] = `
<div
  className="container">
  <h1>
    <i
      className="fa fa-home" />
     Home
  </h1>
  <Link
    onlyActiveOnIndex={false}
    style={Object {}}
    to="contact">
    Contact
  </Link>
  <div
    className="child" />
</div>
`;
