exports[`routes/home/container.js should render 1`] = `
<div
  className="container">
  <h1>
    <i
      className="fa fa-home" />
     Home
  </h1>
  <a
    onClick={[Function]}
    style={Object {}}>
    Contact
  </a>
  <div
    className="child" />
</div>
`;
